// Jest Snapshot v1, https://goo.gl/fbAQLP

exports[`snapshots should look sensible 1`] = `
<div
  class="PropertyDisplay"
>
  <div
    class="icon-container"
    title="Home"
  >
    <svg
      aria-hidden="true"
      class="MuiSvgIcon-root"
      focusable="false"
      viewBox="0 0 24 24"
    >
      <path
        d="M10 20v-6h4v6h5v-8h3L12 3 2 12h3v8z"
      />
    </svg>
  </div>
  <div
    class="content"
  >
    <div
      class="title"
    >
      Home
    </div>
  </div>
</div>
`;
