// Jest Snapshot v1, https://goo.gl/fbAQLP

exports[`snapshot should look sensible 1`] = `
<div
  class="MuiPaper-root Header MuiPaper-elevation1 MuiPaper-rounded"
>
  <div
    class="logo"
  />
  <h1
    class="title"
  >
    Top 20 Global Polluters
  </h1>
  <div
    class="menu-container"
  >
    <button
      aria-label="See ranking"
      class="MuiButtonBase-root MuiButton-root MuiButton-contained"
      tabindex="0"
      type="button"
    >
      <span
        class="MuiButton-label"
      >
        Compare polluters
      </span>
      <span
        class="MuiTouchRipple-root"
      />
    </button>
    <div
      class="PollutersMenu"
    >
      <button
        aria-controls="polluters-menu"
        aria-haspopup="true"
        aria-label="See ranking"
        class="MuiButtonBase-root MuiButton-root MuiButton-contained"
        tabindex="0"
        type="button"
      >
        <span
          class="MuiButton-label"
        >
          See Ranking
        </span>
        <span
          class="MuiTouchRipple-root"
        />
      </button>
      <div
        class="anchor"
      />
    </div>
  </div>
</div>
`;
